// Jest Snapshot v1, https://goo.gl/fbAQLP

exports[`index exports the expected members 1`] = `Array []`;
